[backblue.gif]
[fade.gif]
[index.html]
[www.laughton.com/obrien/sjsu/cs49j/homework/index.html]
[www.laughton.com/obrien/sjsu/cs49j/homework/indexc052.html]
[www.laughton.com/obrien/sjsu/cs49j/homework/indexf8a0.html]
[www.laughton.com/obrien/sjsu/cs49j/homework/indexbfec.html]
[www.laughton.com/obrien/sjsu/cs49j/homework/index30b5.html]
[www.laughton.com/obrien/sjsu/cs49j/homework/critter_doc/index.html]
[www.laughton.com/obrien/sjsu/cs49j/homework/homework00.html]
[www.laughton.com/obrien/sjsu/cs49j/homework/homework01.html]
[www.laughton.com/obrien/sjsu/cs49j/images/hw2a_output_rainbow.png]
[www.laughton.com/obrien/sjsu/cs49j/images/hw2b_output_two.png]
[www.laughton.com/obrien/sjsu/cs49j/images/hw2c_output_target.png]
[www.laughton.com/obrien/sjsu/cs49j/homework/homework02.html]
[www.laughton.com/obrien/sjsu/cs49j/homework/homework03.html]
[www.laughton.com/obrien/sjsu/cs49j/homework/homework04.html]
[www.laughton.com/obrien/sjsu/cs49j/homework/homework05.html]
[www.laughton.com/obrien/sjsu/cs49j/images/6b_semicircle_drawing2.png]
[www.laughton.com/obrien/sjsu/cs49j/homework/homework06.html]
[www.laughton.com/obrien/sjsu/cs49j/homework/homework07.html]
[www.laughton.com/obrien/sjsu/cs49j/images/hw8c_output.png]
[www.laughton.com/obrien/sjsu/cs49j/homework/homework08.html]
[www.laughton.com/obrien/sjsu/cs49j/homework/homework09.html]
[www.laughton.com/obrien/sjsu/cs49j/images/hw10c_output.png]
[www.laughton.com/obrien/sjsu/cs49j/homework/homework10.html]
[www.laughton.com/obrien/sjsu/cs49j/homework/homework11.html]
[www.laughton.com/obrien/sjsu/cs49j/homework/homework12.html]
[www.laughton.com/obrien/sjsu/cs49j/homework/homework13.html]
[www.laughton.com/obrien/sjsu/cs49j/homework/homework14.html]
[www.laughton.com/obrien/sjsu/cs49j/homework/homework15.html]
[www.laughton.com/obrien/sjsu/cs49j/homework/homework16.html]
[www.laughton.com/obrien/sjsu/cs49j/homework/homework17.html]
[www.laughton.com/obrien/sjsu/cs49j/homework/homework18.html]
[www.laughton.com/obrien/sjsu/cs49j/homework/indexb70a.html]
[www.laughton.com/obrien/sjsu/cs49j/homework/index72c9.html]
[www.laughton.com/obrien/sjsu/cs49j/homework/index5851.html]
[www.laughton.com/obrien/sjsu/cs49j/homework/indexad3f.html]
[www.laughton.com/obrien/sjsu/cs49j/homework/critter_doc/allclasses-frame.html]
[www.laughton.com/obrien/sjsu/cs49j/homework/critter_doc/resources/inherit.gif]
[www.laughton.com/obrien/sjsu/cs49j/homework/critter_doc/Critter.html]
[www.laughton.com/obrien/sjsu/cs49j/homework/critter_doc/index-2.html]
[www.laughton.com/obrien/sjsu/cs49j/homework/critter_doc/stylesheet.css]
